// Jest Snapshot v1, https://goo.gl/fbAQLP

exports[`Details snapshot 1`] = `
<View
  style={
    Object {
      "flex": 1,
      "justifyContent": "center",
    }
  }
>
  <ActivityIndicator
    animating={true}
    color="#0000ff"
    hidesWhenStopped={true}
    size="large"
  />
</View>
`;
